Testing MongoDB Atlas connection...
URI: mongodb+srv://Vercel-Admin-pawandb-atlas-demo:***@pawandb-atlas-demo.rz0ryil.mongodb.net/pawangroup_portal?retryWrites=true&w=majority
Waiting for connection (timeout: 30s)...
FAILED: read ETIMEDOUT
